<div class="listingblock primary">
 <div class="title">
  Java
 </div>
 <div class="content">
  <pre class="highlight"><code class="language-java" data-lang="java">somejava
</code></pre>
 </div>
</div>
<div class="listingblock secondary">
 <div class="title">
  Kotlin
 </div>
 <div class="content">
  <pre class="highlight"><code class="language-kotlin" data-lang="kotlin">somekotlin
</code></pre>
 </div>
</div>
<div class="listingblock secondary">
 <div class="title">
  XML
 </div>
 <div class="content">
  <pre class="highlight"><code class="language-xml" data-lang="xml">somexml</code></pre>
 </div>
</div>